#!/bin/bash
STATEMENT=$(echo "Cats are better than dogs!")
echo "$STATEMENT"
echo "Are Not!"
