#!/bin/bash
echo "Cats are better than dogs!"
echo "Are Not!"
